data/runs/ba3002fa-deec-47e3-b3e6-8de462cef457/panel.csv
t,firm_id,price,cost,quantity,profit
0,0,3.0,1.0,2500.0,5000.0
1,0,3.0842261316090713,1.0842261316090713,2232.2607410242344,4464.521482048469
2,0,3.229214923848951,1.229214923848951,2038.5716716567906,4077.143343313581
3,0,3.379201085869978,1.379201085869978,1872.4881672005745,3744.976334401149
4,0,3.5690908766510896,1.5690908766510894,1787.3850368430722,3574.7700736861443
5,0,3.5552756633938647,1.5552756633938647,1783.2421907635776,3566.484381527155
6,0,3.4112966472688413,1.4112966472688413,1956.205093193718,3912.410186387436
7,0,3.2819803910038767,1.2819803910038767,2143.972306545779,4287.944613091558
8,0,3.249259473843531,1.249259473843531,2140.6794746679257,4281.358949335851
9,0,3.091498458330606,1.0914984583306058,2227.6835104927104,4455.367020985421
10,0,3.12774991360818,1.1277499136081799,2285.50199645443,4571.00399290886
11,0,3.3022070026136845,1.3022070026136845,2096.5669718300437,4193.133943660087
12,0,3.4065563492100557,1.4065563492100555,2123.8424868306215,4247.684973661243
13,0,3.3833795435658605,1.3833795435658607,2193.0377899070163,4386.075579814032
14,0,3.5268860454168385,1.5268860454168385,2125.619272188387,4251.238544376774
15,0,3.735510832065815,1.7355108320658148,2015.8504604716695,4031.700920943339
16,0,3.5764833140715844,1.5764833140715842,2134.8069330817516,4269.613866163503
17,0,3.669570773219465,1.6695707732194651,2074.891350507293,4149.782701014586
18,0,3.583994211485599,1.583994211485599,2174.5336853001686,4349.067370600337
19,0,3.4243000788840963,1.424300078884096,2338.456759203268,4676.913518406536
20,0,3.286672092455639,1.286672092455639,2510.6932303464473,5021.386460692895
21,0,3.220058505869958,1.2200585058699578,2408.1058144150225,4816.211628830045
22,0,3.273689949917488,1.273689949917488,2511.6010906027154,5023.20218120543
23,0,3.2571993283669567,1.2571993283669565,2545.6810606245276,5091.362121249055
24,0,3.5130589693814116,1.5130589693814116,2341.5623307554833,4683.124661510967
25,0,3.628995750141337,1.6289957501413368,2288.7959436018787,4577.591887203757
26,0,3.6514949543192903,1.6514949543192903,2228.504587424393,4457.009174848786
27,0,3.521366473464722,1.521366473464722,2490.5379738315173,4981.075947663035
28,0,3.3147179503752606,1.3147179503752606,2525.079266377444,5050.158532754888
29,0,3.3054610934763153,1.3054610934763153,2603.050983988433,5206.101967976866
30,0,3.4167313914357402,1.4167313914357402,2382.723230752974,4765.446461505948
31,0,3.399319647074629,1.3993196470746292,2301.0603551204763,4602.120710240953
32,0,3.464108945857584,1.4641089458575842,2287.4755673322907,4574.951134664581
33,0,3.24961463745927,1.24961463745927,2643.4774193421695,5286.954838684339
34,0,3.4730380783230532,1.4730380783230532,2410.3453683167736,4820.690736633547
35,0,3.5338607042713814,1.5338607042713817,2390.4707981233096,4780.941596246618
36,0,3.2867000843359273,1.2867000843359273,2601.964309329554,5203.928618659108
37,0,3.1774446164449754,1.1774446164449754,2672.330195083378,5344.660390166756
38,0,3.233732394223763,1.233732394223763,2577.311084579497,5154.6221691589935
39,0,3.1914149173386326,1.1914149173386328,2526.7559003078873,5053.511800615774
40,0,3.1240779122114852,1.1240779122114852,2631.765317142601,5263.530634285202
41,0,3.1480836921226665,1.1480836921226663,2579.6986808806478,5159.3973617612955
42,0,3.064981896810551,1.064981896810551,2662.3847564263597,5324.769512852719
43,0,3.1749040503110066,1.1749040503110064,2604.8114182873283,5209.6228365746565
44,0,3.1947298617481743,1.1947298617481743,2531.3310989539127,5062.662197907825
45,0,3.2185508830416385,1.2185508830416387,2548.070562200375,5096.1411244007495
46,0,3.1833339930770927,1.183333993077093,2606.339487322152,5212.678974644303
47,0,3.046944903673877,1.0469449036738772,2739.6375030755808,5479.275006151161
48,0,3.2462440075090715,1.2462440075090713,2650.960021100757,5301.920042201514
49,0,3.238062982544916,1.238062982544916,2646.5497925499785,5293.099585099956
50,0,3.194457874418869,1.1944578744188692,2598.0271248972435,5196.054249794487
51,0,3.2302440990950547,1.2302440990950545,2458.5218281512807,4917.043656302561
52,0,3.1532005144825006,1.1532005144825006,2666.515642897912,5333.031285795824
53,0,3.218205290510382,1.2182052905103822,2617.0806821540714,5234.161364308143
54,0,3.0331387309645508,1.0331387309645508,2780.049795877309,5560.099591754618
55,0,3.2737987809153024,1.2737987809153024,2641.8660899819797,5283.732179963959
56,0,3.300026860972715,1.3000268609727148,2589.448959473668,5178.897918947336
57,0,3.254429822950901,1.2544298229509014,2695.6986734743773,5391.397346948754
58,0,3.136099693441767,1.1360996934417666,2738.159009227388,5476.318018454776
59,0,3.0015383429397606,1.0015383429397606,2871.8926777198803,5743.785355439761
60,0,3.20395964373091,1.2039596437309101,2737.420446621721,5474.840893243442
61,0,3.291105567379427,1.2911055673794272,2680.295643557086,5360.591287114171
62,0,3.2293043421807233,1.2293043421807233,2729.942737643247,5459.885475286494
63,0,3.2892923045450644,1.2892923045450642,2699.9072227617025,5399.814445523405
64,0,3.140054698137627,1.1400546981376267,2828.8334928811832,5657.6669857623665
65,0,3.0925393390222005,1.0925393390222005,2784.9940462286763,5569.988092457353
66,0,3.113560161512729,1.1135601615127293,2831.246554880942,5662.493109761883
67,0,2.917154848490453,0.917154848490453,2882.9897745634094,5765.979549126819
68,0,3.053439847793049,1.0534398477930491,2833.1330426056807,5666.266085211361
69,0,2.8337560817324063,0.8337560817324063,2874.2651206457026,5748.530241291405
70,0,2.805864187342045,0.805864187342045,2864.6638849541064,5729.327769908213
71,0,2.9058309177071253,0.9058309177071253,2794.574680778952,5589.149361557904
72,0,2.9646968615845575,0.9646968615845577,2710.917146591803,5421.834293183605
73,0,3.162756340332388,1.1627563403323877,2530.4939055644645,5060.987811128929
74,0,3.1477375708121,1.1477375708121,2536.230758275261,5072.461516550522
75,0,3.0750001143309857,1.0750001143309857,2646.5148662791826,5293.029732558365
76,0,3.0099823459111033,1.0099823459111033,2733.557228898201,5467.114457796402
77,0,2.826085136147783,0.8260851361477826,2851.380355878852,5702.760711757704
78,0,2.8597391338391507,0.8597391338391505,2824.7264060012812,5649.4528120025625
79,0,2.923947290634799,0.9239472906347989,2797.71412771285,5595.4282554257
80,0,2.8291316797016264,0.8291316797016265,2907.970159830398,5815.940319660796
81,0,2.826277801506134,0.8262778015061341,2856.979444702891,5713.958889405782
82,0,2.7057551504424353,0.7057551504424351,2887.014522475937,5774.029044951874
83,0,2.679001799978256,0.6790017999782562,2887.9737856174725,5775.947571234945
84,0,2.879489537552656,0.8794895375526564,2802.9000796461423,5605.800159292284
85,0,2.9577805479178974,0.9577805479178976,2796.851480049693,5593.702960099385
86,0,2.986227706201774,0.986227706201774,2855.6320268361997,5711.264053672399
87,0,3.017728576490316,1.017728576490316,2856.615756287662,5713.231512575324
88,0,3.013557517437534,1.013557517437534,2885.9288506037233,5771.857701207447
89,0,2.98071055123808,0.9807105512380798,2949.881908148559,5899.763816297118
90,0,2.939769332722043,0.9397693327220431,2959.601573442202,5919.203146884403
91,0,2.8864282091695337,0.8864282091695337,3007.8395443093586,6015.679088618717
92,0,2.89501871030678,0.8950187103067799,3015.3339869165006,6030.667973833001
93,0,2.8799306546192436,0.8799306546192437,3008.262859743567,6016.525719487134
94,0,2.9315483957612427,0.9315483957612426,2914.287885512884,5828.575771025768
95,0,2.962390048338768,0.9623900483387681,2973.4349287607597,5946.869857521519
96,0,3.0608137360824648,1.060813736082465,2940.743974430458,5881.487948860915
97,0,3.099793961718394,1.0997939617183938,2935.176928982039,5870.353857964078
98,0,2.892044021989638,0.8920440219896382,3105.319497407957,6210.638994815913
99,0,2.833395357757348,0.8333953577573481,3078.705064312689,6157.410128625378
0,1,3.0,1.0,2500.0,5000.0
1,1,2.702388882849022,0.702388882849022,2701.84124053074,5403.68248106148
2,1,2.577992735663366,0.5779927356633657,2823.17036330382,5646.34072660764
3,1,2.4611722602702852,0.4611722602702853,2963.2378239110944,5926.475647822189
4,1,2.505868683695166,0.5058686836951657,3041.5424601358986,6083.084920271797
5,1,2.463777235474624,0.463777235474624,3077.699421794672,6155.398843589344
6,1,2.5747557295330994,0.5747557295330992,2972.124088046258,5944.248176092516
7,1,2.6879621972036905,0.6879621972036905,2885.4169799729407,5770.833959945881
8,1,2.6251855079595803,0.6251855079595805,2924.607469177778,5849.214938355555
9,1,2.509606423526629,0.5096064235266292,2979.9552345190646,5959.910469038129
10,1,2.6363975026032715,0.6363975026032715,2921.981253951406,5843.962507902812
11,1,2.5370061441224085,0.5370061441224084,3073.760286027909,6147.520572055818
12,1,2.664092338668671,0.664092338668671,3078.5507396047005,6157.101479209401
13,1,2.680805957239257,0.680805957239257,3116.075926944716,6232.151853889432
14,1,2.7958706349900373,0.7958706349900373,3063.5393176932084,6127.078635386417
15,1,2.8614474410133033,0.8614474410133035,3120.7484679674485,6241.496935934896
16,1,2.9084423009907256,0.9084423009907256,2981.411123051505,5962.82224610301
17,1,2.9241360699914285,0.9241360699914284,3012.0657610718104,6024.131522143621
18,1,2.968978064751828,0.9689780647518278,2957.4349371575904,5914.869874315181
19,1,3.0094888301189795,1.0094888301189795,2877.427976948176,5754.855953896352
20,1,3.1221232180669265,1.1221232180669265,2725.994565233778,5451.989130467556
21,1,2.9398935928051024,0.9398935928051022,2770.209435644328,5540.418871288656
22,1,3.1918426565163753,1.1918426565163753,2616.5170971942257,5233.034194388451
23,1,3.1711001477554674,1.1711001477554674,2657.6647185275942,5315.3294370551885
24,1,3.2214317228700593,1.2214317228700593,2709.1420351054735,5418.284070210947
25,1,3.3067777961699214,1.3067777961699216,2688.9072046671727,5377.814409334344
26,1,3.2305619006835853,1.2305619006835855,2750.540117469572,5501.080234939143
27,1,3.391567485750263,1.391567485750263,2657.532962535512,5315.065925071024
28,1,3.186948240129686,1.1869482401296862,2691.657863696911,5383.315727393821
29,1,3.303115780733132,1.303115780733132,2606.105258767775,5212.21051753555
30,1,3.140149274645479,1.1401492746454787,2736.1042622069035,5472.208524413807
31,1,3.0285394632103295,1.0285394632103295,2769.7585008608776,5539.517001721755
32,1,3.0594943345045635,1.0594943345045638,2800.3828580156687,5600.7657160313365
33,1,3.220490050794192,1.220490050794192,2682.2541668780377,5364.5083337560745
34,1,3.2145218405776843,1.214521840577684,2742.9340330364494,5485.868066072899
35,1,3.230558935412,1.2305589354120001,2781.9196685034144,5563.839337006829
36,1,3.193144231479691,1.1931442314796912,2726.5704929620233,5453.140985924047
37,1,3.081791478426473,1.081791478426473,2803.2442104374113,5606.488420874823
38,1,2.976443350885053,0.9764433508850532,2931.1392261315495,5862.278452263099
39,1,2.878997244283276,0.8789972442832759,2953.955334456263,5907.910668912526
40,1,2.9346589423644374,0.9346589423644375,2893.203394300687,5786.406788601374
41,1,2.880273615242774,0.8802736152427741,2949.328862397316,5898.657724794631
42,1,2.914778941866979,0.9147789418669794,2870.0335614817336,5740.067122963466
43,1,2.9874313602819376,0.9874313602819375,2860.786609742839,5721.573219485678
44,1,2.9262721016118665,0.9262721016118667,2894.968327412934,5789.936654825867
45,1,3.036085424497305,1.0360854244973046,2791.4722917130352,5582.9445834260705
46,1,3.114052791355098,1.1140527913550977,2698.2066334711,5396.4132669422
47,1,3.2197653554979127,1.2197653554979127,2512.8445230539915,5025.689046107983
48,1,3.311078547829031,1.311078547829031,2566.401123202882,5132.802246405764
49,1,3.301295145936237,1.301295145936237,2564.1851425493005,5128.370285098601
50,1,3.158103828510338,1.1581038285103384,2645.683335455279,5291.366670910557
51,1,3.0490731056736964,1.0490731056736964,2691.62683768747,5383.25367537494
52,1,3.2241891513448655,1.2241891513448653,2573.529489784063,5147.058979568126
53,1,3.1677481801996317,1.1677481801996314,2683.945754588002,5367.891509176004
54,1,3.2431455007632612,1.2431455007632615,2502.9385330299183,5005.877066059836
55,1,3.3110036683942026,1.3110036683942026,2593.1752134404323,5186.350426880865
56,1,3.2349288859997603,1.2349288859997603,2675.1195838773438,5350.2391677546875
57,1,3.3139035576132683,1.3139035576132683,2616.7171906625285,5233.434381325057
58,1,3.464118652794556,1.4641186527945564,2323.9685831466168,4647.937166293233
59,1,3.5466128727983257,1.5466128727983257,2186.7884734903114,4373.576946980623
60,1,3.523496235394262,1.5234962353942618,2333.2163847131033,4666.4327694262065
61,1,3.462368665279092,1.4623686652790922,2460.330164743443,4920.6603294868855
62,1,3.4181694831044904,1.4181694831044904,2483.9451022728877,4967.890204545775
63,1,3.3261451819416377,1.3261451819416377,2650.613100137972,5301.226200275944
64,1,3.370270849700522,1.370270849700522,2521.253901093279,5042.507802186558
65,1,3.2415779252547314,1.2415779252547314,2585.0024156859713,5170.004831371943
66,1,3.4288231431754426,1.4288231431754423,2418.350273648323,4836.700547296646
67,1,3.3724108396858523,1.3724108396858523,2296.0720904592445,4592.144180918489
68,1,3.430146193683508,1.430146193683508,2346.7467528141233,4693.493505628247
69,1,3.2588994029255005,1.2588994029255003,2323.8501806838653,4647.700361367731
70,1,3.231661174508548,1.2316611745085477,2315.3307086842538,4630.6614173685075
71,1,3.113653398571829,1.113653398571829,2518.764952417513,5037.529904835026
72,1,3.0139953120786553,1.0139953120786553,2644.9119694013625,5289.823938802725
73,1,3.0541761040777016,1.0541761040777016,2671.6723413226105,5343.344682645221
74,1,3.0146836182196957,1.0146836182196957,2710.697553925199,5421.395107850398
75,1,3.09866023060407,1.0986602306040696,2615.3909036784617,5230.781807356923
76,1,3.2065321948212304,1.2065321948212302,2477.695392228666,4955.390784457332
77,1,3.2219744088712097,1.2219744088712097,2339.3159932518283,4678.631986503657
78,1,3.3432967563741496,1.3432967563741498,2218.0594704332834,4436.118940866566
79,1,3.3035287326467406,1.3035287326467404,2314.0794896300795,4628.158979260159
80,1,3.3246084437381462,1.324608443738146,2269.857186763262,4539.714373526524
81,1,3.405976163168509,1.4059761631685088,2138.0960733488428,4276.1921466976855
82,1,3.2950828250037105,1.2950828250037107,2150.196199779574,4300.392399559147
83,1,3.3649371106355757,1.3649371106355759,2049.482841035209,4098.965682070417
84,1,3.5749256088065176,1.5749256088065176,1979.682717686858,3959.365435373716
85,1,3.773325874066769,1.773325874066769,1860.2700214359452,3720.5400428718904
86,1,3.8912754360845736,1.8912754360845736,1816.2416328979452,3632.4832657958905
87,1,3.8863059982468524,1.8863059982468522,1850.3020782508215,3700.604156501643
88,1,4.008685663391954,2.0086856633919536,1754.6733842896144,3509.346768579229
89,1,3.9279012114968843,1.9279012114968843,1837.066136960029,3674.132273920058
90,1,3.8009359410828076,1.8009359410828076,1924.1250626895107,3848.2501253790215
91,1,3.868619479012139,1.868619479012139,1840.6640932717692,3681.3281865435383
92,1,3.8734013203512676,1.8734013203512678,1848.767672425496,3697.5353448509914
93,1,3.7849124002294467,1.7849124002294467,1913.3811570929586,3826.762314185917
94,1,3.6156687075275817,1.6156687075275817,2070.034638972359,4140.069277944718
95,1,3.695370198654003,1.6953701986540033,2061.075123046314,4122.150246092627
96,1,3.772260443168462,1.7722604431684623,2060.4805830229666,4120.961166045932
97,1,3.7675272484559077,1.767527248455908,2102.0248417649536,4204.049683529906
98,1,3.7551008250446825,1.7551008250446825,2016.9535032565113,4033.9070065130227
99,1,3.613046813610546,1.6130468136105458,2084.8217228925737,4169.643445785147
