data/runs/ba3002fa-deec-47e3-b3e6-8de462cef457/panel.csv
t,firm_id,price,cost,quantity,profit
0,2,3.0,1.0,2500.0,5000.0
1,2,2.969497611940743,0.9694976119407432,2364.056777914285,4728.113555828569
2,2,2.97481867171231,0.9748186717123101,2315.087601735569,4630.175203471138
3,2,3.0558808348379154,1.0558808348379156,2201.0361849772357,4402.072369954471
4,2,3.2187955971123907,1.218795597112391,2129.530042885129,4259.0600857702575
5,2,3.265411074571239,1.2654110745712388,2061.3589656470776,4122.717931294155
6,2,3.269866528413126,1.269866528413126,2099.5467307137656,4199.093461427531
7,2,3.3375775064400806,1.3375775064400803,2085.1937335083394,4170.387467016679
8,2,3.375131551122199,1.3751315511221993,2010.1055869765175,4020.2111739530346
9,2,3.5041124691351375,1.5041124691351375,1812.4060204691611,3624.8120409383223
10,2,3.5284717958897343,1.5284717958897343,1870.535495642758,3741.070991285516
11,2,3.6568321863857696,1.6568321863857698,1755.912456114138,3511.8249122282755
12,2,3.8294595875747524,1.8294595875747524,1719.0560339599774,3438.112067919955
13,2,4.0456852337234475,2.0456852337234475,1574.8103562035524,3149.6207124071047
14,2,3.918866535909232,1.9188665359092323,1747.302092425196,3494.6041848503914
15,2,4.026776299869164,2.0267762998691636,1742.6526035934337,3485.3052071868683
16,2,3.807033922823932,1.807033922823932,1902.3708208152382,3804.7416416304764
17,2,3.844652292382056,1.8446522923820559,1900.9771273490853,3801.9542546981706
18,2,3.8427917679390453,1.8427917679390453,1910.59644038465,3821.1928807693
19,2,3.8325478303116585,1.8325478303116582,1906.687286900381,3813.374573800762
20,2,3.7045217774810086,1.7045217774810086,2037.3176391859968,4074.6352783719935
21,2,3.5406210449076116,1.5406210449076116,2051.4753142963214,4102.950628592643
22,2,3.488907426840316,1.4889074268403162,2255.364715008833,4510.729430017666
23,2,3.6053287267330525,1.6053287267330523,2138.989502320283,4277.979004640566
24,2,3.6016068389510956,1.6016068389510958,2240.15359903357,4480.307198067139
25,2,3.590403541978773,1.5904035419787734,2333.3896470637774,4666.779294127554
26,2,3.614231073361711,1.6142310733617111,2270.4151776364633,4540.830355272927
27,2,3.774550187463428,1.774550187463428,2194.396101097458,4388.792202194916
28,2,3.691399426451116,1.6913994264511159,2091.6050062287327,4183.210012457465
29,2,3.6558372362623768,1.6558372362623768,2184.738498476017,4369.476996952034
30,2,3.6268767524836023,1.6268767524836023,2145.068244833219,4290.136489666438
31,2,3.5263779461337403,1.5263779461337401,2159.422643157768,4318.845286315536
32,2,3.6239643895817117,1.6239643895817115,2111.7587166363724,4223.517433272745
33,2,3.815512524471312,1.8155125244713122,1992.0142469017546,3984.0284938035093
34,2,3.745100470445565,1.7451004704455653,2103.7865656103277,4207.573131220654
35,2,3.8453712209998807,1.845371220999881,2045.6898648698607,4091.379729739721
36,2,3.8688177326134126,1.8688177326134123,1944.8947047463985,3889.789409492797
37,2,4.057324452056252,2.0573244520562524,1721.1813840418006,3442.362768083601
38,2,4.237327866442848,2.2373278664428478,1560.4104631574046,3120.820926314809
39,2,4.149089659332022,2.149089659332022,1565.3334307795865,3130.666861559173
40,2,4.142225453847614,2.1422254538476144,1581.8278942560248,3163.6557885120496
41,2,4.20384677020172,2.2038467702017197,1521.6435943247213,3043.2871886494427
42,2,4.086486330538314,2.086486330538314,1597.5481206101729,3195.0962412203457
43,2,4.059652263061932,2.059652263061932,1673.6153622269937,3347.2307244539875
44,2,4.01614265624376,2.0161426562437597,1678.7322462202194,3357.4644924404397
45,2,3.838432894353825,1.8384328943538248,1868.9848543735538,3737.9697087471077
46,2,3.715687765653035,1.7156877656530352,1997.2472457356484,3994.494491471297
47,2,3.668436783552054,1.6684367835520542,2007.8804707948466,4015.760941589693
48,2,3.6822679914777092,1.682267991477709,2131.6788345956043,4263.3576691912085
49,2,3.6604289485667096,1.6604289485667096,2142.7152723507425,4285.430544701485
50,2,3.610012178594653,1.6100121785946528,2110.606204192198,4221.212408384396
51,2,3.4907928894443203,1.4907928894443203,2158.224496473779,4316.448992947558
52,2,3.6371291985784837,1.6371291985784837,2093.4392244201135,4186.878448840227
53,2,3.7410582044252862,1.7410582044252865,2015.0278086699238,4030.0556173398472
54,2,3.7558350067335944,1.7558350067335944,1936.9618752154643,3873.9237504309285
55,2,3.711022215560991,1.7110222155609909,2123.092606595608,4246.185213191216
56,2,3.7572023214200474,1.7572023214200472,2060.3118727716446,4120.623745543289
57,2,3.8595813431428843,1.8595813431428843,1991.8854623887175,3983.770924777435
58,2,3.5740171368666127,1.5740171368666125,2199.713398398607,4399.426796797214
59,2,3.6569381933445992,1.6569381933445992,2069.426171069928,4138.852342139856
60,2,3.6484152354025357,1.6484152354025357,2191.942722043454,4383.885444086908
61,2,3.705155567563846,1.7051555675638463,2179.078548142385,4358.157096284769
62,2,3.7961761134725673,1.7961761134725671,2056.1694224406183,4112.338844881237
63,2,3.9405069368033985,1.9405069368033987,1949.5724543386232,3899.144908677246
64,2,4.020925075458301,2.0209250754583006,1821.079113144353,3642.158226288707
65,2,3.9160619659432854,1.9160619659432854,1845.0094918566758,3690.0189837133516
66,2,3.8912226936855245,1.8912226936855245,1919.1566165897932,3838.3132331795864
67,2,3.711550857581294,1.7115508575812937,1937.9483604139364,3875.8967208278727
68,2,3.7629672056828234,1.7629672056828236,1986.987161974515,3973.9743239490294
69,2,3.632778419629339,1.632778419629339,1927.619578024729,3855.239156049458
70,2,3.569636499750577,1.5696364997505772,1955.3415214075328,3910.683042815065
71,2,3.6858312484482716,1.6858312484482716,1892.0856860245833,3784.1713720491666
72,2,3.6408619623434366,1.6408619623434366,1933.253737415031,3866.507474830062
73,2,3.51094894728897,1.5109489472889701,2126.161411790314,4252.322823580627
74,2,3.580869777122178,1.580869777122178,2042.3741338743412,4084.7482677486823
75,2,3.5456484595253372,1.5456484595253372,2091.579363763173,4183.158727526346
76,2,3.580453148291096,1.580453148291096,2055.1901499749315,4110.380299949863
77,2,3.5779228246813606,1.5779228246813606,1957.9232949904679,3915.8465899809357
78,2,3.421983677338684,1.421983677338684,2132.487717564154,4264.975435128307
79,2,3.506753558382349,1.5067535583823488,2090.49225494422,4180.98450988844
80,2,3.665440109223324,1.665440109223324,1914.2024935759425,3828.404987151885
81,2,3.396784481634895,1.3967844816348949,2147.945037245374,4295.890074490748
82,2,3.365532092322186,1.3655320923221859,2075.7747552685532,4151.5495105371065
83,2,3.246450579434946,1.246450579434946,2174.5695877298463,4349.1391754596925
84,2,3.177800149248918,1.177800149248918,2414.517123020858,4829.034246041716
85,2,3.145700949670502,1.1457009496705017,2546.027018464669,5092.054036929338
86,2,3.274359125096857,1.274359125096857,2472.494313429655,4944.98862685931
87,2,3.335906227452755,1.335906227452755,2436.4664091738546,4872.932818347709
88,2,3.3220079625656735,1.3220079625656735,2473.4689145029383,4946.937829005877
89,2,3.5107078160593708,1.5107078160593708,2263.170046742852,4526.340093485704
90,2,3.5727462529025025,1.5727462529025025,2156.671790426086,4313.343580852172
91,2,3.563846004101956,1.563846004101956,2143.6568181095145,4287.313636219029
92,2,3.599075392882602,1.5990753928826018,2120.5643537415026,4241.128707483005
93,2,3.627469046074555,1.627469046074555,2070.0931234199074,4140.186246839815
94,2,3.585601718566541,1.585601718566541,2101.3895900018724,4202.779180003745
95,2,3.76349214279466,1.76349214279466,1992.0550194321659,3984.1100388643317
96,2,3.7746390839640944,1.7746390839640944,2058.0314681161167,4116.062936232233
97,2,3.839602764088557,1.839602764088557,2027.6213002709683,4055.2426005419366
98,2,4.013599651660703,2.013599651660703,1772.4075019275751,3544.815003855151
99,2,3.9543236938234134,1.9543236938234136,1757.7681484820478,3515.536296964095
